=== 2026-09-07T16:55:29.5275940+01:00 call-load-audit DAY START ===
≡ƒô₧ Call ΓåÆ HotHawk Load Audit ΓÇö Daily ΓÇö 2026-09-04
ΓÜá∩╕Å 1 NOT loaded  ┬╖  14 calls / 14 people  ┬╖  13 loaded, 1 missing
```
principal        User          Company Name  # of Calls
---------------  ------------  ------------  ----------
franklin         Ericka        Graco         4
general-foundry  Ericka        Vermeer       5
harvey-vogel     Ericka        Moog          5
-                -             -             -
                 TOTAL Ericka                14
```
ΓÜá∩╕Å NOT LOADED (1) ΓÇö done calls that never reached HotHawk:
```
principal  User    Company  Person       why
---------  ------  -------  -----------  --------
franklin   Ericka  Graco    Nelly Ucler  no-email
```
Fix: activate/enroll the campaign in HotHawk, or re-run the reconcile (`reconcile_done_calls.py --since <date> --apply`) for these people.

discord: posted

RESULT: ok - {"mode": "day", "window": ["2026-09-04", "2026-09-04"], "total_calls": 14, "people": 14, "loaded": 13, "missing": 1, "systemic": false}
=== 2026-09-07T22:04:36.5397102+01:00 call-load-audit DAY END (exit 0) ===
