=== 2026-07-22T10:18:07.5531211-05:00 call-load-audit DAY START ===
≡ƒô₧ Call ΓåÆ HotHawk Load Audit ΓÇö Daily ΓÇö 2026-07-21
ΓÜá∩╕Å 8 NOT loaded  ┬╖  56 calls / 56 people  ┬╖  48 loaded, 8 missing
```
principal        User          Company Name                            # of Calls
---------------  ------------  --------------------------------------  ----------
alpha-grainger   Ericka        Karma Automotive                        4
franklin         Ericka        Flowserve                               2
general-foundry  Ericka        Bloom Energy                            4
lnp              Ericka        Sierra Nevada Corporation               6
patriot-forge    Ericka        Lawrence Livermore National Laboratory  5
shellcast        Ericka        Leonardo DRS                            13
shellcast        Ericka        Mercury Systems                         6
shellcast        Ericka        Teledyne FLIR                           9
tmx              Ericka        Woodward                                7
-                -             -                                       -
                 TOTAL Ericka                                          56
```
ΓÜá∩╕Å NOT LOADED (8) ΓÇö done calls that never reached HotHawk:
```
principal       User    Company                                 Person                                           why
--------------  ------  --------------------------------------  -----------------------------------------------  ---------------------------------------------
alpha-grainger  Ericka  Karma Automotive                        Kurt Caylor <kcaylor@karmaautomotive.com>        not-enrolled (on list only / draft campaign?)
alpha-grainger  Ericka  Karma Automotive                        Juan Lalinde <jlalinde@karmaautomotive.com>      not-enrolled (on list only / draft campaign?)
alpha-grainger  Ericka  Karma Automotive                        Steven Uslander <suslander@karmaautomotive.com>  not-enrolled (on list only / draft campaign?)
alpha-grainger  Ericka  Karma Automotive                        Alex Chu <achu@karmaautomotive.com>              not-enrolled (on list only / draft campaign?)
patriot-forge   Ericka  Lawrence Livermore National Laboratory  Nick Calta <calta1@llnl.gov>                     not-enrolled (on list only / draft campaign?)
patriot-forge   Ericka  Lawrence Livermore National Laboratory  Mauro Cerda <cerda2@llnl.gov>                    not-enrolled (on list only / draft campaign?)
patriot-forge   Ericka  Lawrence Livermore National Laboratory  John Elmer <elmer1@llnl.gov>                     not-enrolled (on list only / draft campaign?)
patriot-forge   Ericka  Lawrence Livermore National Laboratory  Peter Oleson <oleson1@llnl.gov>                  not-enrolled (on list only / draft campaign?)
```
Fix: activate/enroll the campaign in HotHawk, or re-run the reconcile (`reconcile_done_calls.py --since <date> --apply`) for these people.

discord: posted

RESULT: ok - {"mode": "day", "window": ["2026-07-21", "2026-07-21"], "total_calls": 56, "people": 56, "loaded": 48, "missing": 8}
=== 2026-07-22T10:19:19.2206980-05:00 call-load-audit DAY END (exit 0) ===
