=== 2026-08-12T08:57:42.4973315-05:00 call-load-audit DAY START ===
≡ƒô₧ Call ΓåÆ HotHawk Load Audit ΓÇö Daily ΓÇö 2026-08-11
Γ£à all loaded  ┬╖  27 calls / 27 people  ┬╖  27 loaded, 0 missing
```
principal        User          Company Name                      # of Calls
---------------  ------------  --------------------------------  ----------
alpha-grainger   Ericka        1X Technologies                   1
alpha-grainger   Ericka        FN America                        1
general-foundry  Ericka        Nikola                            1
harvey-vogel     Ericka        Crane Aerospace & Electronics     2
lnp              Ericka        ThinkOrbital                      1
lnp              Ericka        Varda Space Industries            1
patriot-forge    Ericka        Lam Research                      10
shellcast        Ericka        Spirit Aerosystems                5
vrc              Ericka        Corken, Inc. a div of IDEX Corp.  4
vrc              Ericka        ZSI-Foster                        1
-                -             -                                 -
                 TOTAL Ericka                                    27
```

discord: posted

RESULT: ok - {"mode": "day", "window": ["2026-08-11", "2026-08-11"], "total_calls": 27, "people": 27, "loaded": 27, "missing": 0, "systemic": false}
=== 2026-08-12T11:07:25.9682862-05:00 call-load-audit DAY END (exit 0) ===
