=== 2026-08-14T10:55:11.7259067-05:00 call-load-audit DAY START ===
≡ƒô₧ Call ΓåÆ HotHawk Load Audit ΓÇö Daily ΓÇö 2026-08-13
Γ£à all loaded  ┬╖  23 calls / 23 people  ┬╖  23 loaded, 0 missing
```
principal        User          Company Name                      # of Calls
---------------  ------------  --------------------------------  ----------
alpha-grainger   Ericka        FN America                        4
general-foundry  Ericka        Nikola                            2
harvey-vogel     Ericka        Crane Aerospace & Electronics     2
lnp              Ericka        Beretta USA Corp                  2
lnp              Ericka        ThinkOrbital                      1
lnp              Ericka        Varda Space Industries            1
patriot-forge    Ericka        Lam Research                      6
vrc              Ericka        Corken, Inc. a div of IDEX Corp.  4
vrc              Ericka        ZSI-Foster                        1
-                -             -                                 -
                 TOTAL Ericka                                    23
```

discord: posted

RESULT: ok - {"mode": "day", "window": ["2026-08-13", "2026-08-13"], "total_calls": 23, "people": 23, "loaded": 23, "missing": 0, "systemic": false}
=== 2026-08-14T10:55:36.3394291-05:00 call-load-audit DAY END (exit 0) ===
