=== 2026-10-01T09:42:00.4668844-05:00 call-load-audit MONTH START ===
≡ƒô₧ Call ΓåÆ HotHawk Load Audit ΓÇö Monthly ΓÇö September 2026
ΓÜá∩╕Å 3 NOT loaded  ┬╖  266 calls / 130 people  ┬╖  127 loaded, 3 missing
```
principal        User          Company Name                          # of Calls
---------------  ------------  ------------------------------------  ----------
franklin         Ericka        Graco                                 14
franklin         Ericka        JLG Industries, Inc.                  3
franklin         Ericka        Terex                                 37
general-foundry  Ericka        Intuitive Surgical, Inc.              103
general-foundry  Ericka        PROTEOR USA                           6
general-foundry  Ericka        Vermeer                               25
harvey-vogel     Ericka        Moog                                  27
lnp              Ericka        Applied Composites                    21
lnp              Ericka        BlueHalo                              4
patriot-forge    Ericka        Stoke                                 12
shellcast        Ericka        CesiumAstro                           3
shellcast        Ericka        General Atomics Aeronautical Systems  3
shellcast        Ericka        Velan                                 1
vrc              Ericka        Revision Military                     3
vrc              Ericka        Team Wendy                            4
-                -             -                                     -
                 TOTAL Ericka                                        266
```
ΓÜá∩╕Å NOT LOADED (3) ΓÇö done calls that never reached HotHawk:
```
principal      User    Company     Person                                       why
-------------  ------  ----------  -------------------------------------------  ---------------------------------------------
franklin       Ericka  Graco       Nelly Ucler                                  no-email
patriot-forge  Ericka  Stoke       Alexander Suppiah <asuppiah@stokespace.com>  not-enrolled (on list only / draft campaign?)
vrc            Ericka  Team Wendy  Pamela Zisi                                  no-email
```
Fix: activate/enroll the campaign in HotHawk, or re-run the reconcile (`reconcile_done_calls.py --since <date> --apply`) for these people.

discord: posted

RESULT: ok - {"mode": "month", "window": ["2026-09-01", "2026-09-30"], "total_calls": 266, "people": 130, "loaded": 127, "missing": 3, "systemic": false}
=== 2026-10-01T09:42:56.1722404-05:00 call-load-audit MONTH END (exit 0) ===
