=== 2026-08-04T08:50:02.0648088-05:00 call-load-audit DAY START ===
≡ƒô₧ Call ΓåÆ HotHawk Load Audit ΓÇö Daily ΓÇö 2026-08-03
ΓÜá∩╕Å 1 NOT loaded  ┬╖  28 calls / 28 people  ┬╖  27 loaded, 1 missing
```
principal      User          Company Name        # of Calls
-------------  ------------  ------------------  ----------
patriot-forge  Ericka        Lam Research        16
shellcast      Ericka        Spirit Aerosystems  12
-              -             -                   -
               TOTAL Ericka                      28
```
ΓÜá∩╕Å NOT LOADED (1) ΓÇö done calls that never reached HotHawk:
```
principal      User    Company       Person                      why
-------------  ------  ------------  --------------------------  --------
patriot-forge  Ericka  Lam Research  Reiner Kulkowski <invalid>  no-email
```
Fix: activate/enroll the campaign in HotHawk, or re-run the reconcile (`reconcile_done_calls.py --since <date> --apply`) for these people.

discord: posted

RESULT: ok - {"mode": "day", "window": ["2026-08-03", "2026-08-03"], "total_calls": 28, "people": 28, "loaded": 27, "missing": 1, "systemic": false}
=== 2026-08-04T08:50:45.1975404-05:00 call-load-audit DAY END (exit 0) ===
