=== 2026-06-03T15:08:10.4889849-05:00 mailbox-health START (args: '') ===
🩺 HotHawk mailbox health — 2026-06-03  (report-only)
770 mailboxes · 753 connected · 0 disconnected · 17 gathering

**General Foundry** — 55 total · 55 connected · 0 disconnected · 0 gathering
**Shellcast** — 59 total · 58 connected · 0 disconnected · 1 gathering
**Tech-Max** — 46 total · 46 connected · 0 disconnected · 0 gathering
**Bottom Shelf** — 61 total · 61 connected · 0 disconnected · 0 gathering
**Harvey Vogel** — 23 total · 23 connected · 0 disconnected · 0 gathering
**Patriot** — 315 total · 315 connected · 0 disconnected · 0 gathering
**VRC** — 58 total · 58 connected · 0 disconnected · 0 gathering
**Capy** — 0 total · 0 connected · 0 disconnected · 0 gathering
**Megatech** — 36 total · 36 connected · 0 disconnected · 0 gathering
**Franklin** — 48 total · 48 connected · 0 disconnected · 0 gathering
**LNP Machining** — 23 total · 7 connected · 0 disconnected · 16 gathering
**Alpha Grainger** — 46 total · 46 connected · 0 disconnected · 0 gathering

✅ All accounts healthy.
=== 2026-06-03T15:08:28.1086040-05:00 mailbox-health END (exit 0) ===
=== 2026-06-03T16:32:49.1397177-05:00 mailbox-health START (args: '') ===
≡ƒ⌐║ HotHawk mailbox health ΓÇö 2026-06-03  (report-only)
770 mailboxes ┬╖ 753 connected ┬╖ 0 disconnected ┬╖ 17 gathering

**General Foundry** ΓÇö 55 total ┬╖ 55 connected ┬╖ 0 disconnected ┬╖ 0 gathering
**Shellcast** ΓÇö 59 total ┬╖ 58 connected ┬╖ 0 disconnected ┬╖ 1 gathering
**Tech-Max** ΓÇö 46 total ┬╖ 46 connected ┬╖ 0 disconnected ┬╖ 0 gathering
**Bottom Shelf** ΓÇö 61 total ┬╖ 61 connected ┬╖ 0 disconnected ┬╖ 0 gathering
**Harvey Vogel** ΓÇö 23 total ┬╖ 23 connected ┬╖ 0 disconnected ┬╖ 0 gathering
**Patriot** ΓÇö 315 total ┬╖ 315 connected ┬╖ 0 disconnected ┬╖ 0 gathering
**VRC** ΓÇö 58 total ┬╖ 58 connected ┬╖ 0 disconnected ┬╖ 0 gathering
**Capy** ΓÇö 0 total ┬╖ 0 connected ┬╖ 0 disconnected ┬╖ 0 gathering
**Megatech** ΓÇö 36 total ┬╖ 36 connected ┬╖ 0 disconnected ┬╖ 0 gathering
**Franklin** ΓÇö 48 total ┬╖ 48 connected ┬╖ 0 disconnected ┬╖ 0 gathering
**LNP Machining** ΓÇö 23 total ┬╖ 7 connected ┬╖ 0 disconnected ┬╖ 16 gathering
**Alpha Grainger** ΓÇö 46 total ┬╖ 46 connected ┬╖ 0 disconnected ┬╖ 0 gathering

Γ£à All accounts healthy.
=== 2026-06-03T16:33:04.7862079-05:00 mailbox-health END (exit 0) ===
